INFO: [VRFC 10-2263] Analyzing SystemVerilog file "C:/Documents/2026 Fall UA/ECE 580/Lab4/Lab4.srcs/sources_1/new/traffic_controller.sv" into library xil_defaultlib
INFO: [VRFC 10-311] analyzing module traffic_controller
INFO: [VRFC 10-2263] Analyzing SystemVerilog file "C:/Documents/2026 Fall UA/ECE 580/Lab4/Lab4.srcs/sources_1/new/multiplier_datapath.sv" into library xil_defaultlib
INFO: [VRFC 10-311] analyzing module multiplier_datapath
INFO: [VRFC 10-2263] Analyzing SystemVerilog file "C:/Documents/2026 Fall UA/ECE 580/Lab4/Lab4.srcs/sources_1/new/multiplier_top.sv" into library xil_defaultlib
INFO: [VRFC 10-311] analyzing module multiplier_top
INFO: [VRFC 10-2263] Analyzing SystemVerilog file "C:/Documents/2026 Fall UA/ECE 580/Lab4/Lab4.srcs/sources_1/new/tb_multiplier_ext.sv" into library xil_defaultlib
INFO: [VRFC 10-311] analyzing module tb_multiplier_ext
INFO: [VRFC 10-2263] Analyzing SystemVerilog file "C:/Documents/2026 Fall UA/ECE 580/Lab4/Lab4.srcs/sources_1/new/datapath_ext.sv" into library xil_defaultlib
INFO: [VRFC 10-311] analyzing module datapath_ext
INFO: [VRFC 10-2263] Analyzing SystemVerilog file "C:/Documents/2026 Fall UA/ECE 580/Lab4/Lab4.srcs/sources_1/new/multiplier_controller.sv" into library xil_defaultlib
INFO: [VRFC 10-311] analyzing module multiplier_controller
INFO: [VRFC 10-2263] Analyzing SystemVerilog file "C:/Documents/2026 Fall UA/ECE 580/Lab4/Lab4.srcs/sources_1/new/multiplier_top_ext.sv" into library xil_defaultlib
INFO: [VRFC 10-311] analyzing module multiplier_top_ext
INFO: [VRFC 10-2263] Analyzing SystemVerilog file "C:/Documents/2026 Fall UA/ECE 580/Lab4/Lab4.srcs/sim_1/imports/new/tb_multiplier_ext.sv" into library xil_defaultlib
INFO: [VRFC 10-311] analyzing module tb_multiplier_ext
WARNING: [VRFC 10-3609] overwriting previous definition of module 'tb_multiplier_ext' [C:/Documents/2026 Fall UA/ECE 580/Lab4/Lab4.srcs/sim_1/imports/new/tb_multiplier_ext.sv:3]
INFO: [VRFC 10-2263] Analyzing SystemVerilog file "C:/Documents/2026 Fall UA/ECE 580/Lab4/Lab4.srcs/sim_1/imports/new/tb_traffic_controller.sv" into library xil_defaultlib
INFO: [VRFC 10-311] analyzing module tb_traffic_controller
INFO: [VRFC 10-2263] Analyzing SystemVerilog file "C:/Documents/2026 Fall UA/ECE 580/Lab4/Lab4.srcs/sim_1/imports/new/tb_multiplier.sv" into library xil_defaultlib
INFO: [VRFC 10-311] analyzing module tb_multiplier
